// Jest Snapshot v1, https://goo.gl/fbAQLP

exports[`renders without crashing renders correctly 1`] = `
ShallowWrapper {
  Symbol(enzyme.__root__): [Circular],
  Symbol(enzyme.__unrendered__): <SideToolBar
    data={
      Array [
        Object {
          "icon": "full.svg",
          "id": 100,
          "type": "main",
        },
        Object {
          "icon": "half.svg",
          "id": 101,
          "type": "half",
        },
        Object {
          "icon": "bar.svg",
          "id": 102,
          "type": "bar",
        },
        Object {
          "icon": "inverse.svg",
          "id": 103,
          "type": "inverse",
        },
      ]
    }
    insertFn={[MockFunction]}
    side="left"
  />,
  Symbol(enzyme.__renderer__): Object {
    "batchedUpdates": [Function],
    "getNode": [Function],
    "render": [Function],
    "simulateError": [Function],
    "simulateEvent": [Function],
    "unmount": [Function],
  },
  Symbol(enzyme.__node__): Object {
    "instance": null,
    "key": undefined,
    "nodeType": "host",
    "props": Object {
      "children": Array [
        <SideToolBarBtn
          insertFn={[MockFunction]}
          side="left"
          type={
            Object {
              "icon": "full.svg",
              "id": 100,
              "type": "main",
            }
          }
        />,
        <SideToolBarBtn
          insertFn={[MockFunction]}
          side="left"
          type={
            Object {
              "icon": "half.svg",
              "id": 101,
              "type": "half",
            }
          }
        />,
        <SideToolBarBtn
          insertFn={[MockFunction]}
          side="left"
          type={
            Object {
              "icon": "bar.svg",
              "id": 102,
              "type": "bar",
            }
          }
        />,
        <SideToolBarBtn
          insertFn={[MockFunction]}
          side="left"
          type={
            Object {
              "icon": "inverse.svg",
              "id": 103,
              "type": "inverse",
            }
          }
        />,
      ],
      "className": "rdw-editor-toolbar-side",
    },
    "ref": null,
    "rendered": Array [
      Object {
        "instance": null,
        "key": "100",
        "nodeType": "function",
        "props": Object {
          "insertFn": [MockFunction],
          "side": "left",
          "type": Object {
            "icon": "full.svg",
            "id": 100,
            "type": "main",
          },
        },
        "ref": null,
        "rendered": null,
        "type": [Function],
      },
      Object {
        "instance": null,
        "key": "101",
        "nodeType": "function",
        "props": Object {
          "insertFn": [MockFunction],
          "side": "left",
          "type": Object {
            "icon": "half.svg",
            "id": 101,
            "type": "half",
          },
        },
        "ref": null,
        "rendered": null,
        "type": [Function],
      },
      Object {
        "instance": null,
        "key": "102",
        "nodeType": "function",
        "props": Object {
          "insertFn": [MockFunction],
          "side": "left",
          "type": Object {
            "icon": "bar.svg",
            "id": 102,
            "type": "bar",
          },
        },
        "ref": null,
        "rendered": null,
        "type": [Function],
      },
      Object {
        "instance": null,
        "key": "103",
        "nodeType": "function",
        "props": Object {
          "insertFn": [MockFunction],
          "side": "left",
          "type": Object {
            "icon": "inverse.svg",
            "id": 103,
            "type": "inverse",
          },
        },
        "ref": null,
        "rendered": null,
        "type": [Function],
      },
    ],
    "type": "ul",
  },
  Symbol(enzyme.__nodes__): Array [
    Object {
      "instance": null,
      "key": undefined,
      "nodeType": "host",
      "props": Object {
        "children": Array [
          <SideToolBarBtn
            insertFn={[MockFunction]}
            side="left"
            type={
              Object {
                "icon": "full.svg",
                "id": 100,
                "type": "main",
              }
            }
          />,
          <SideToolBarBtn
            insertFn={[MockFunction]}
            side="left"
            type={
              Object {
                "icon": "half.svg",
                "id": 101,
                "type": "half",
              }
            }
          />,
          <SideToolBarBtn
            insertFn={[MockFunction]}
            side="left"
            type={
              Object {
                "icon": "bar.svg",
                "id": 102,
                "type": "bar",
              }
            }
          />,
          <SideToolBarBtn
            insertFn={[MockFunction]}
            side="left"
            type={
              Object {
                "icon": "inverse.svg",
                "id": 103,
                "type": "inverse",
              }
            }
          />,
        ],
        "className": "rdw-editor-toolbar-side",
      },
      "ref": null,
      "rendered": Array [
        Object {
          "instance": null,
          "key": "100",
          "nodeType": "function",
          "props": Object {
            "insertFn": [MockFunction],
            "side": "left",
            "type": Object {
              "icon": "full.svg",
              "id": 100,
              "type": "main",
            },
          },
          "ref": null,
          "rendered": null,
          "type": [Function],
        },
        Object {
          "instance": null,
          "key": "101",
          "nodeType": "function",
          "props": Object {
            "insertFn": [MockFunction],
            "side": "left",
            "type": Object {
              "icon": "half.svg",
              "id": 101,
              "type": "half",
            },
          },
          "ref": null,
          "rendered": null,
          "type": [Function],
        },
        Object {
          "instance": null,
          "key": "102",
          "nodeType": "function",
          "props": Object {
            "insertFn": [MockFunction],
            "side": "left",
            "type": Object {
              "icon": "bar.svg",
              "id": 102,
              "type": "bar",
            },
          },
          "ref": null,
          "rendered": null,
          "type": [Function],
        },
        Object {
          "instance": null,
          "key": "103",
          "nodeType": "function",
          "props": Object {
            "insertFn": [MockFunction],
            "side": "left",
            "type": Object {
              "icon": "inverse.svg",
              "id": 103,
              "type": "inverse",
            },
          },
          "ref": null,
          "rendered": null,
          "type": [Function],
        },
      ],
      "type": "ul",
    },
  ],
  Symbol(enzyme.__options__): Object {
    "adapter": ReactSixteenAdapter {
      "options": Object {
        "enableComponentDidUpdateOnSetState": true,
        "lifecycles": Object {
          "componentDidUpdate": Object {
            "onSetState": true,
          },
          "getDerivedStateFromProps": true,
          "getSnapshotBeforeUpdate": true,
          "setState": Object {
            "skipsComponentDidUpdateOnNullish": true,
          },
        },
      },
    },
  },
}
`;
